1784910600,OPEN,1,UNDEAD,500000.00000000,BTC,0.00502601,0.00008244883794,0xc7b0bd8e5fea24715309b00a90975f4b6cbebbcf9320a3aa02857b02076a123e
1784910600,OPEN,2,BTC,0.00500000,UNDEAD,487122.54000000,0.00002666445136,0xcd4c6a57cbd4e05f5fde59783a8f36c688261ac710040cb1a6f91604fec4eb0f
1784914200,OPEN,3,UNDEAD,500000.00000000,BTC,0.00502866,0.00006803611463,0x5e7f4cb71e9a180ecfda2bfcd43fce18a6fea606642089a1f6309719428f3a62
1784914200,OPEN,4,BTC,0.00500000,UNDEAD,487295.33000000,0.00005266098073,0x37c8c641cce7e6c843600116347fe65ec00c45ff952c4dd92b56e57998f5db41
1785174660,OPEN,6,BTC,0.00500000,UNDEAD,490469.35000000,0.00007675569517,0xf45ac096c266fcfa8756cf0382efb4fa2914f15e67b28b8862561ccabba3025a
1785174720,OPEN,7,UNDEAD,500000.00000000,BTC,0.00493299,0.00004234980100,0xd9a3955551ea75e9c1a790bc1cabe43a79258c0fd0f25f76f4b26301127a2d0e
1785178860,OPEN,5,UNDEAD,500000.00000000,BTC,0.00509345,0.00008938181434,0xb2f779b8e5934521a517810af983b121933fca6a8e4e5db0064d6b446857f03a
1785182700,CLOSE,2,1,0.00504931,0.00004931,0.009900,1.143000,0.00011591499090,0x90c3db34f07556e4ddcff9190cada8743d5d3c312195b22a9894079d4435e3d0
1785328320,CLOSE,1,2,511112.13000000,11112.13000000,0.022224,1.677800,0.00047772978880,0xb3c3e092cf50ec68695d34182bf1f7083f2fba8a12a100d36ae3bdf0f51b7582
1785333000,CLOSE,5,3,500532.75000000,532.75000000,0.001100,0.218000,0.00059158100590,0x9ee46750fac75d510a49506fac63e4e931d2326322715613e1323b31793e288f
1785333300,OPEN,8,BTC,0.00500000,UNDEAD,468244.88000000,0.00052243581020,0xc563b87b2decd4f9df1fc9d82ccfd02cc27cfb2ce02914e73c847712b012e7d7
1785333480,OPEN,9,UNDEAD,500000.00000000,BTC,0.00494977,0.00190155051100,0x80f8f06df366767e2076b20c95d69ca1651c09396291702f072a03c3aef89dff
1785336720,CLOSE,6,4,0.00500622,0.00000622,0.001200,0.242100,0.00006419696759,0x454c9924be674b5a6ef11cc0d1bae5e60d83dac4b6011fe6e99fd85c0bf6b3b8
1785340800,CLOSE,3,5,511888.97000000,11888.97000000,0.023800,8.678000,0.00008553064656,0x7c95d8cbf5ea48d53e233fe938033dfb710901a5a5b2ad930bad808af19afe1b
1785348180,OPEN,10,UNDEAD,500000.00000000,BTC,0.00469008,0.00110974922400,0xf5c1183a1e3e4c50735962c5329c4f4200e1dad3720d06f9589a37dd52efcf94
1785348480,OPEN,11,BTC,0.00500000,UNDEAD,520579.17000000,0.00003862298213,0x246f8c9aaf727f12c40df41592a2722b2506e933d521de2362b7e5d1734a97f4
1785351960,OPEN,12,UNDEAD,500000.00000000,BTC,0.00470351,0.00006197052848,0xbacad6cc057f2cc90841127f6a092aab75525169cbb6467f663fcb5f6b22912f
1785352140,OPEN,13,BTC,0.00500000,UNDEAD,519363.48000000,0.00005004090030,0xcff4bc094a617b0eac895611072e597f0999e3af80b0f99435461d3134366961
1785444600,OPEN,14,UNDEAD,500000.00000000,BTC,0.00468182,0.00006321667145,0x430e4c8d1254bc416b9457203a9e87a45d0bd79135daa06991eacf2ebb4cf736
1785444780,OPEN,15,BTC,0.00500000,UNDEAD,522147.95000000,0.00010610293870,0x38a69e2b96638e8d811048d74c3c5c4c6064cc10107429e51a340c7a95cde236
1785511020,CLOSE,11,6,0.00500875,0.00000875,0.001800,0.339500,0.00101362435400,0xad2344640b21538dd7f3461a70a7253a93e378e847ec10dc03dec4cbe2776993
1785511860,OPEN,16,UNDEAD,500000.00000000,BTC,0.00457426,0.00152964178500,0x2e854e6209b0a0487a39d9e558f18df895f64fdcf1654c7d52fabbf1a84c4370
1785512100,OPEN,17,BTC,0.00500000,UNDEAD,522070.81000000,0.00060163518260,0x163065c7ff701778ee0d2ff6c51818ed5518401e0a07ed100a99d61640a0b798
1785515340,OPEN,18,UNDEAD,500000.00000000,BTC,0.00468922,0.00115060753300,0x290970a776db11569cf87f133f43d80058cbc280b43f27aae2ccbafdd57ad79b
1785515760,OPEN,19,BTC,0.00500000,UNDEAD,521573.27000000,0.00079814880560,0x888fc7ae905669d0f88a8556724449fd6346dd30c02c6e4601c0ba90abf93b16
1785527460,CLOSE,7,7,549031.67000000,49031.67000000,0.098100,8.767200,0.00006869409499,0xe5a52f3e9bff5f030a9a66b0cd1ca8cd9047020e501c267565c839ef4c250b1a
1785527880,CLOSE,9,8,524278.29000000,24278.29000000,0.048600,7.877000,0.00009570058884,0xc33b3061b2bf89e0ce537360808ca6304ec3b036ca4092dea4c8bd719c973ba7
1785532320,OPEN,20,UNDEAD,500000.00000000,BTC,0.00455615,0.00007065123711,0x1e9cf83caf645d3118b44e4f8ea58597985e2cef5cd711b71c165a3ef861e983
1785532560,OPEN,21,BTC,0.00500000,UNDEAD,536263.95000000,0.00010810765170,0xd20e175e0a676509bd68cf8fefefcb5e34689cb90f1977db6046293275bbfbcd
1785738780,CLOSE,10,9,502089.64000000,2089.64000000,0.004200,0.337400,0.00341333478000,0x4d8f9a1f85bb0fdded0e79c1d2235cc26a68d0335c3031cdd6b60652a4403f30
1785739620,OPEN,22,UNDEAD,500000.00000000,BTC,0.00447673,0.00082215787550,0xee350e2f1c8c9534f487cef9495d907214e86a72716aa4bff85ecaf65b6cd128
1785739860,OPEN,23,BTC,0.00500000,UNDEAD,542560.73000000,0.00112798517900,0xe4799ef2cd4227fd703b38052b9c70ce42fc6727d2251aca7fc73ff61d381803
1785773460,OPEN,24,UNDEAD,500000.00000000,BTC,0.00447270,0.00003768211811,0x183f6797b0f1e4c1eca402d859c4640a4c54650608992d0c7f1ee855ed45abfb
1785773760,OPEN,25,BTC,0.00500000,UNDEAD,546371.15000000,0.00008588436102,0x7d8fef5684bb10ec6e480bcd63e095ef9d16fba993bcc427ad9326cd2b6e85d0
1785867060,CLOSE,21,10,0.00502477,0.00002477,0.004954,0.467053,0.00317348,0xda28b17de8c0fbeb797b0937948c9ec7f8a8f076cfb64fc0b2a71554d98e6665
1785867994,CHECK,4,not_closed
1785867995,CHECK,8,not_closed
1785867996,CHECK,12,not_closed
1785867996,CHECK,13,not_closed
1785867997,CHECK,14,not_closed
1785867997,CHECK,15,not_closed
1785867998,CHECK,16,not_closed
1785867998,CHECK,17,not_closed
1785867999,CHECK,18,not_closed
1785867999,CHECK,19,not_closed
1785868000,CHECK,20,not_closed
1785868000,CHECK,22,not_closed
1785868001,CHECK,23,not_closed
1785868001,CHECK,24,not_closed
1785868002,CHECK,25,not_closed
1785870052,CHECK,4,not_closed
1785870052,CHECK,8,not_closed
1785870053,CHECK,12,not_closed
1785870053,CHECK,13,not_closed
1785870054,CHECK,14,not_closed
1785870054,CHECK,15,not_closed
1785870055,CHECK,16,not_closed
1785870055,CHECK,17,not_closed
1785870056,CHECK,18,not_closed
1785870056,CHECK,19,not_closed
1785870057,CHECK,20,not_closed
1785870057,CHECK,22,not_closed
1785870058,CHECK,23,not_closed
1785870058,CHECK,24,not_closed
1785870059,CHECK,25,not_closed
1785871494,CHECK,4,not_closed
1785871494,CHECK,8,not_closed
1785871495,CHECK,12,not_closed
1785871496,CHECK,13,not_closed
1785871496,CHECK,14,not_closed
1785871497,CHECK,15,not_closed
1785871497,CHECK,16,not_closed
1785871498,CHECK,17,not_closed
1785871498,CHECK,18,not_closed
1785871499,CHECK,19,not_closed
1785871499,CHECK,20,not_closed
1785871500,CHECK,22,not_closed
1785871500,CHECK,23,not_closed
1785871501,CHECK,24,not_closed
1785871501,CHECK,25,not_closed
1785872698,CHECK,4,not_closed
1785872698,CHECK,8,not_closed
1785872699,CHECK,12,not_closed
1785872699,CHECK,13,not_closed
1785872700,CHECK,14,not_closed
1785872700,CHECK,15,not_closed
1785872701,CHECK,16,not_closed
1785872701,CHECK,17,not_closed
1785872702,CHECK,18,not_closed
1785872702,CHECK,19,not_closed
1785872703,CHECK,20,not_closed
1785872703,CHECK,22,not_closed
1785872704,CHECK,23,not_closed
1785872705,CHECK,24,not_closed
1785872705,CHECK,25,not_closed
1785872728,OPEN,26,BTC,0.00500000,UNDEAD,527135.05704472,0.00474217,0x4cb6be05f1e960eace9a26035043b860a28c255446843c88f98a7d90080e4a13
1785872747,OPEN,27,UNDEAD,500000.00000000,BTC,0.00465344,0.00293081,0x73b6f6f0827d76eb500637f198de2932838a8d73004d96d318527d674fe408f0
1785875494,CHECK,4,not_closed
1785875495,CHECK,8,not_closed
1785875518,CLOSE,12,11,520894.55760340,20894.55760340,0.041789,2.517126,0.00520949,0x1be1761fcbdb09a8344c2a911ffbf01aeafe31d3d788d72f7e5fe83a21ab79d9
1785875519,CHECK,13,not_closed
1785875519,CHECK,14,not_closed
1785875520,CHECK,15,not_closed
1785875520,CHECK,16,not_closed
1785875521,CHECK,17,not_closed
1785875521,CHECK,18,not_closed
1785875522,CHECK,19,not_closed
1785875522,CHECK,20,not_closed
1785875523,CHECK,22,not_closed
1785875523,CHECK,23,not_closed
1785875524,CHECK,24,not_closed
1785875524,CHECK,25,not_closed
1785875525,CHECK,26,not_closed
1785875526,CHECK,27,not_closed
1785875550,OPEN,28,UNDEAD,500000.00000000,BTC,0.00442974,0.00358386,0x6cfd7eaa55c6e24df8917c7c0ad8c4c48d39f67918eadf68948f0ce61ab43c5a
1785876706,CHECK,4,not_closed
1785876707,CHECK,8,not_closed
1785876707,CHECK,13,not_closed
1785876729,CLOSE,14,12,515171.72258930,15171.72258930,0.030343,2.214410,0.00526841,0x5789d85e37128c7bb0c3d530512afbb8fcee88003194b11c917f60e4dd7803b1
1785876730,CHECK,15,not_closed
1785876730,CHECK,16,not_closed
1785876731,CHECK,17,not_closed
1785876731,CHECK,18,not_closed
1785876732,CHECK,19,not_closed
1785876732,CHECK,20,not_closed
1785876733,CHECK,22,not_closed
1785876734,CHECK,23,not_closed
1785876734,CHECK,24,not_closed
1785876735,CHECK,25,not_closed
1785876735,CHECK,26,not_closed
1785876736,CHECK,27,not_closed
1785876737,CHECK,28,not_closed
1785876760,OPEN,29,UNDEAD,500000.00000000,BTC,0.00445151,0.00382773,0x69362de9953bed54aa94bedd050d12696ec4a39dbae851b82b3ae8f9edc43300
1785885276,CHECK,4,not_closed
1785885276,CHECK,8,not_closed
1785885277,CHECK,13,not_closed
1785885277,CHECK,15,not_closed
1785885278,CHECK,16,not_closed
1785885278,CHECK,17,not_closed
1785885279,CHECK,18,not_closed
1785885279,CHECK,19,not_closed
1785885280,CHECK,20,not_closed
1785885280,CHECK,22,not_closed
1785885281,CHECK,23,not_closed
1785885282,CHECK,24,not_closed
1785885282,CHECK,25,not_closed
1785885283,CHECK,26,not_closed
1785885283,CHECK,27,not_closed
1785885284,CHECK,28,not_closed
1785885284,CHECK,29,not_closed
1785885307,OPEN,30,UNDEAD,500000.00000000,BTC,0.00444410,0.00216762,0x3de1ac1270ad8e654c58574f81eb3e30791f460a6003ed79845ce6b54270d083
1785896523,CHECK,4,not_closed
1785896523,CHECK,8,not_closed
1785896524,CHECK,13,not_closed
1785896524,CHECK,15,not_closed
1785896548,CLOSE,16,13,502900.58375238,2900.58375238,0.005801,0.475569,0.00566571,0x30fa1034528f9b01ed345944e494d33b3b120482523bd9eae1290f56aa686a27
1785896549,CHECK,17,not_closed
1785896550,CHECK,18,not_closed
1785896550,CHECK,19,not_closed
1785896551,CHECK,20,not_closed
1785896551,CHECK,22,not_closed
1785896552,CHECK,23,not_closed
1785896552,CHECK,24,not_closed
1785896553,CHECK,25,not_closed
1785896554,CHECK,26,not_closed
1785896554,CHECK,27,not_closed
1785896555,CHECK,28,not_closed
1785896555,CHECK,29,not_closed
1785896556,CHECK,30,not_closed
1785896585,OPEN,31,UNDEAD,500000.00000000,BTC,0.00444741,0.00325218,0xc0eabfcdbc79e77ae2d308568e5774b704f42828986910e4aef261f37aa74d0f
1785896725,CHECK,4,not_closed
1785896726,CHECK,8,not_closed
1785896727,CHECK,13,not_closed
1785896727,CHECK,15,not_closed
1785896728,CHECK,17,not_closed
1785896750,CLOSE,18,14,513075.83984988,13075.83984988,0.026152,2.162291,0.00560090,0xb027f0f752c74e13594d42c90264555c2681f8e2124721f334a979f95e95f8fa
1785896751,CHECK,19,not_closed
1785896751,CHECK,20,not_closed
1785896752,CHECK,22,not_closed
1785896752,CHECK,23,not_closed
1785896753,CHECK,24,not_closed
1785896753,CHECK,25,not_closed
1785896754,CHECK,26,not_closed
1785896754,CHECK,27,not_closed
1785896755,CHECK,28,not_closed
1785896755,CHECK,29,not_closed
1785896756,CHECK,30,not_closed
1785896756,CHECK,31,not_closed
1785896787,OPEN,32,UNDEAD,500000.00000000,BTC,0.00446114,0.00292623,0x25624b35c062b3ca2ee3cfc15e29a512deadc0aac72634356b7ae92fcf2521ae
1785896861,CHECK,4,not_closed
1785896862,CHECK,8,not_closed
1785896863,CHECK,13,not_closed
1785896863,CHECK,15,not_closed
1785896864,CHECK,17,not_closed
1785896864,CHECK,19,not_closed
1785896871,CHECK,22,not_closed
1785896871,CHECK,23,not_closed
1785896872,CHECK,24,not_closed
1785896872,CHECK,25,not_closed
1785896873,CHECK,26,not_closed
1785896908,CLOSE,27,15,510024.29437525,10024.29437525,0.020049,26.168300,0.00356880,0x9e907e734d0fbf08f2fd1dd7e5ceb542e16d4941b63829ecb4e374b1ed83dd98
1785896909,CHECK,28,not_closed
1785896909,CHECK,29,not_closed
1785896910,CHECK,30,not_closed
1785896910,CHECK,31,not_closed
1785896911,CHECK,32,not_closed
1785896947,OPEN,33,UNDEAD,500000.00000000,BTC,0.00447093,0.00375860,0x6f566be4fc9ff88af2a236f5ee17514f375a9c01fc95aa27d293d7b387cb20d8
1785932442,CHECK,4,not_closed
1785932442,CHECK,8,not_closed
1785932442,CHECK,13,not_closed
1785932443,CHECK,15,not_closed
1785932443,CHECK,17,not_closed
1785932444,CHECK,19,not_closed
1785932465,CLOSE,20,16,537051.18655412,37051.18655412,0.074102,5.840114,0.00413807,0x70d153687218feca1a5d28a9bc52bb90d21c3a1832077cf00d2abcbecacf903e
1785932487,CLOSE,22,17,501281.52413754,1281.52413754,0.002563,0.419088,0.00598648,0x293f8d460683ca400671763dd888c39fc142e280032c323f0cdd232262666c10
1785932488,CHECK,23,not_closed
1785932488,CHECK,24,not_closed
1785932489,CHECK,25,not_closed
1785932489,CHECK,26,not_closed
1785932489,CHECK,28,not_closed
1785932490,CHECK,29,not_closed
1785932490,CHECK,30,not_closed
1785932491,CHECK,31,not_closed
1785932491,CHECK,32,not_closed
1785932491,CHECK,33,not_closed
1785932532,OPEN,34,UNDEAD,500000.00000000,BTC,0.00435210,0.00270010,0x8d11e58d99410b6383609988d9932a4fc17674d89294caf5934745eb482c1a79
1785933746,CHECK,4,not_closed
1785933746,CHECK,8,not_closed
1785933747,CHECK,13,not_closed
1785933747,CHECK,15,not_closed
1785933748,CHECK,17,not_closed
1785933748,CHECK,19,not_closed
1785933749,CHECK,23,not_closed
1785933771,CLOSE,24,18,508346.16230513,8346.16230513,0.016692,3.283675,0.00270437,0x214b5f502b0cff5a4a77f6bb676a412f3f83ecd86fb082bdc2e79809012bba01
1785933771,CHECK,25,not_closed
1785933772,CHECK,26,not_closed
1785933772,CHECK,28,not_closed
1785933773,CHECK,29,not_closed
1785933773,CHECK,30,not_closed
1785933773,CHECK,31,not_closed
1785933774,CHECK,32,not_closed
1785933774,CHECK,33,not_closed
1785933775,CHECK,34,not_closed
1785933795,OPEN,35,UNDEAD,500000.00000000,BTC,0.00431322,0.00339516,0x2ead96cf7bec51b3e71402528d760d2f0608be37fb2951440047b1971b044207
1785933848,CHECK,4,not_closed
1785933848,CHECK,8,not_closed
1785933849,CHECK,13,not_closed
1785933849,CHECK,15,not_closed
1785933849,CHECK,17,not_closed
1785933850,CHECK,19,not_closed
1785933850,CHECK,23,not_closed
1785933851,CHECK,25,not_closed
1785933851,CHECK,26,not_closed
1785933872,CLOSE,28,19,503023.98280198,3023.98280198,0.006048,3.270269,0.00377362,0xa573ad0164304324fd8dffd301623d1804265e4bcc40a82150a0951f0d072740
1785933873,CHECK,29,not_closed
1785933873,CHECK,30,not_closed
1785933873,CHECK,31,not_closed
1785933874,CHECK,32,not_closed
1785933874,CHECK,33,not_closed
1785933874,CHECK,34,not_closed
1785933875,CHECK,35,not_closed
1785933899,OPEN,36,UNDEAD,500000.00000000,BTC,0.00431491,0.00258367,0xec821a2dd47e11a08da5deb0c733945ee62051bd2ac6751461fbc2f10907b13d
